Testing started at Mon Dec 2 17:29:19 CET 2024 on MAC-LP9J343CTJ
PASSED: ./1a-create_bmp_for_symmetrical_stripline.bmp.test
PASSED: ./1b-create_bmp_for_symmetrical_stripline.txt.test
PASSED: ./1c-create_bmp_for_symmetrical_stripline.E.bmp.test
PASSED: ./1d-create_bmp_for_symmetrical_stripline.Er.bmp.test
PASSED: ./1e-create_bmp_for_symmetrical_stripline.Ey.bmp.test
PASSED: ./1f-create_bmp_for_symmetrical_stripline.Ex.bmp.test
PASSED: ./1g-create_bmp_for_symmetrical_stripline.U.bmp.test
PASSED: ./1h-create_bmp_for_symmetrical_stripline.V.bmp.test
PASSED: ./1i-create_bmp_for_symmetrical_stripline.E.bin.test
PASSED: ./1j-create_bmp_for_symmetrical_stripline.Er.bin.test
PASSED: ./1k-create_bmp_for_symmetrical_stripline.Ey.bin.test
PASSED: ./1l-create_bmp_for_symmetrical_stripline.Ex.bin.test
PASSED: ./1m-create_bmp_for_symmetrical_stripline.U.bin.test
PASSED: ./1n-create_bmp_for_symmetrical_stripline.V.bin.test
PASSED: ./2a-create_bmp_for_rect_in_rect.bmp.test
PASSED: ./3a-create_bmp_for_rect_cen_in_rect.bmp.test
PASSED: ./3b-create_bmp_for_rect_cen_in_rect.txt.test
PASSED: ./4a-create_bmp_for_microstrip_coupler.test
PASSED: ./5a-check-s_and_-S_options_of_atlc-2conductor.test
PASSED: ./5b-check-s_and_-S_options_of_atlc-3conductor.test
PASSED: ./5c-check_numeric_data_from_atlc-2conductor.test
PASSED: ./6a-create_and_check_25ohm_201Pixel_high_symmetrical_stripline.test
PASSED: ./6b-create_25ohm_401Pixel_high_symmetrical_stripline.test
PASSED: ./6c-create_25ohm_801Pixel_high_symmetrical_stripline.test
PASSED: ./6d-create_and_check_50ohm_201Pixel_high_symmetrical_stripline.test
PASSED: ./6e-create_50ohm_401Pixel_high_symmetrical_stripline.test
PASSED: ./6f-create_50ohm_801Pixel_high_symmetrical_stripline.test
PASSED: ./6g-create_100ohm_201Pixel_high_symmetrical_stripline.test
PASSED: ./6h-create_100ohm_401Pixel_high_symmetrical_stripline.test
PASSED: ./6i-create_100ohm_801Pixel_high_symmetrical_stripline.test
PASSED: ./6j-create_200ohm_201Pixel_high_symmetrical_stripline.test
PASSED: ./6k-create_200ohm_401Pixel_high_symmetrical_stripline.test
PASSED: ./6l-create_200ohm_801Pixel_high_symmetrical_stripline.test
PASSED: ./7a-create_bmp_for_stripline_coupler.bmp.test
PASSED: ./7b-create_bmp_for_stripline_coupler.txt.test
PASSED: ./7c-create_bmp_for_stripline_coupler.Ex.odd.bmp.test
PASSED: ./7d-create_bmp_for_stripline_coupler.Ey.odd.bmp.test
PASSED: ./7e-create_bmp_for_stripline_coupler.E.odd.bmp.test
PASSED: ./7f-create_bmp_for_stripline_coupler.V.odd.bmp.test
PASSED: ./7g-create_bmp_for_stripline_coupler.U.odd.bmp.test
PASSED: ./7h-create_bmp_for_stripline_coupler.Er.bmp.test
PASSED: ./7i-create_bmp_for_stripline_coupler.U.even.bmp.test
PASSED: ./7j-create_bmp_for_stripline_coupler.Ex.even.bmp.test
PASSED: ./7k-create_bmp_for_stripline_coupler.Ey.even.bmp.test
PASSED: ./7l-create_bmp_for_stripline_coupler.E.even.bmp.test
PASSED: ./7m-create_bmp_for_stripline_coupler.V.even.bmp.test
PASSED: ./7n-create_bmp_for_stripline_coupler.bmp.pre-atlc.txt.test
PASSED: ./8a-design_coupler.bmp.test
PASSED: ./9a-create-25-Ohm-201b.bmp.test
PASSED: ./9b-create-25-Ohm-401b.bmp.test
PASSED: ./9c-create-50-Ohm-201b.bmp.test
PASSED: ./9d-create-50-Ohm-401b.bmp.test
PASSED: ./9e-create-100-Ohm-201b.bmp.test
PASSED: ./9f-create-100-Ohm-401b.bmp.test
PASSED: ./9g-create-200-Ohm-201b.bmp.test
PASSED: ./9h-create-200-Ohm-401b.bmp.test
PASSED: ./9i-create-200-Ohm-801b.bmp.test
PASSED: ./10a-create-lots-of-examples-check-last-one.test
PASSED: ./10b-create-lots-of-examples-check-last-one.test
PASSED: ./11a-verify-checksum-of-supplied-test-coupler1.bmp.test
PASSED: ./11b-verify-checksum-of-created-test-coupler1.Ex.odd.bmp.test
PASSED: ./11c-verify-checksum-of-created-test-coupler1.Ey.odd.bmp.test
PASSED: ./11d-verify-checksum-of-created-test-coupler1.E.odd.bmp.test
PASSED: ./11e-verify-checksum-of-created-test-coupler1.V.odd.bmp.test
PASSED: ./11f-verify-checksum-of-created-test-coupler1.U.odd.bmp.test
PASSED: ./11g-verify-checksum-of-created-test-coupler1.Er.bmp.test
PASSED: ./11h-verify-checksum-of-created-test-coupler1.Ex.even.bmp.test
PASSED: ./11i-verify-checksum-of-created-test-coupler1.Ey.even.bmp.test
PASSED: ./11j-verify-checksum-of-created-test-coupler1.E.even.bmp.test
PASSED: ./11k-verify-checksum-of-created-test-coupler1.U.even.bmp.test
PASSED: ./11l-verify-checksum-of-created-test-coupler1.V.even.bmp.test
PASSED: ./13a-check_rect_cen_in_rect.test
PASSED: ./13b-check_rect_cen_in_rect.test
PASSED: ./13c-check_rect_cen_in_rect.test
PASSED: ./13d-check_rect_cen_in_rect.test
PASSED: ./14a-check-circ-in-rect.test
PASSED: ./14b-check-circ-in-rect.test
PASSED: ./14c-check-circ-in-rect.test
PASSED: ./14d-check-circ-in-rect.test
                  BENCHMARK DATA
Hardware data working reasonably well on AIX, HP-UX, Solaris, Tru64,
IRIX and UNICOS, but not too well on Linux and poorly on *BSD
Any help to write code to gather data on other OS's would be appreciated
 
Hardware provider is . Hardware platform is .
Machine: . Sysname: . Release: . Nodename: .
Number of CPUs supported by system is . Number of CPUs online is  .
CPU_type is . FPU_type is . Speed of CPU(s) is  MHz.
L1 data cache is  kB; L1 instruction cache is  kB; L2 cache is  kB
Run times: T_sequential is  s. Not configured for parallel operation.
